>>> matrix_mul = __import__('100-matrix_mul').matrix_mul

>>> matrix_mul([[1, 2]], [[3, 4], [5, 6]])
[[13, 16]]

>>> matrix_mul([[1, 5, 7]], [[3], [5], [8]])
[[84]]

>>> matrix_mul([[1, 2], [3, 4]], [[1, 2], [3, 4]])
[[7, 10], [15, 22]]

>>> matrix_mul([[1, '1', 1], ['2', 2, '2']], [[3], [3]])
Traceback (most recent call last):
            ...
TypeError: m_a should contain only integers or floats

>>> matrix_mul([[2, 4, 6], [3, 6, 9]], [[1], ['2'], [3]])
Traceback (most recent call last):
            ...
TypeError: m_b should contain only integers or floats

>>> matrix_mul([[1, 2]], [[]])
Traceback (most recent call last):
            ...
ValueError: m_b can't be empty

>>> matrix_mul([[1, 2]])
Traceback (most recent call last):
            ...
TypeError: matrix_mul() missing 1 required positional argument: 'm_b'

>>> matrix_mul(None, None)
Traceback (most recent call last):
            ...
TypeError: m_a must be a list

>>> matrix_mul([(1, 5, 10)], [(1), (5)])
Traceback (most recent call last):
        ...
TypeError: m_a must be a list of lists

>>> matrix_mul([[7, 12]], None)
Traceback (most recent call last):
            ...
TypeError: m_b must be a list

>>> matrix_mul([[3, 3], [4, 4]], "Holberton")
Traceback (most recent call last):
            ...
TypeError: m_b must be a list

>>> matrix_mul([[1, 2, 3], [4, 5, 6]], [[7, 8], [9, 10], [11, 12]])
[[58, 64], [139, 154]]

>>> matrix_mul([[5, 2, 3], [7, 13, 2], [1, 0, 3]], [[2, 3], [6, 9]])
Traceback (most recent call last):
            ...
ValueError: m_a and m_b can't be multiplied

>>> matrix_mul([[12, 12, 12], [], [14, 14, 14]], [[2], [3], [8]])
Traceback (most recent call last):
            ...
TypeError: each row of m_a must be of the same size

>>> matrix_mul([], [[1]])
Traceback (most recent call last):
            ...
ValueError: m_a can't be empty

>>> matrix_mul([[2, 2, 2], [4, 4, 4]], [[2], [3, 3]])
Traceback (most recent call last):
            ...
TypeError: each row of m_b must be of the same size

>>> matrix_mul([[1, 2, 3], [4, 5, 6]], [[7, 8], [9, 10]])
Traceback (most recent call last):
            ...
ValueError: m_a and m_b can't be multiplied

>>> matrix_mul([[1, 4, 7], [2, 5, 8], [3, 6, 9]], [[1, -1, 2], [2, -1, 2], [3, -3, 0]])
[[30, -26, 10], [36, -31, 14], [42, -36, 18]]

>>> matrix_mul([[2, 2, 2], [4, 4, 4]], [[2], [3]])
Traceback (most recent call last):
            ...
ValueError: m_a and m_b can't be multiplied

>>> matrix_mul([[1, 2], [3, 4]], [[1, 2], [3, 4]])
[[7, 10], [15, 22]]

>>> matrix_mul([[1, 5, 7], [2, 5, 8], [3, 6, 9]], [[1, -1, 2], [2, -1, 2], [3, -3, 0]])
[[32, -27, 12], [36, -31, 14], [42, -36, 18]]

>>> matrix_mul([[1, 2], [3, 4]], [[1, 2], [3, 4]])
[[7, 10], [15, 22]]

>>> matrix_mul()
Traceback (most recent call last):
            ...
TypeError: matrix_mul() missing 2 required positional arguments: 'm_a' and 'm_b'
