>>> say_my_name = __import__('3-say_my_name').say_my_name
>>> say_my_name("Samuel", "Amihere")
My name is Samuel Amihere
>>> say_my_name("Samuel")
My name is Samuel 
>>> say_my_name(3)
Traceback (most recent call last):
            ...
TypeError: first_name must be a string
>>> say_my_name("Amihere", None)
Traceback (most recent call last):
            ...
TypeError: last_name must be a string
>>> say_my_name(None)
Traceback (most recent call last):
            ...
TypeError: first_name must be a string
>>> say_my_name()
Traceback (most recent call last):
            ...
TypeError: say_my_name() missing 1 required positional argument: 'first_name'
